// Jest Snapshot v1, https://goo.gl/fbAQLP

exports[`Test CalendarButton Component 1`] = `
<button
  className="ant-btn"
  onClick={[Function]}
  type="button"
/>
`;
